Archive member included to satisfy reference by file (symbol)

c:/users/александра/appdata/roaming/xpacks/@gnu-mcu-eclipse/arm-none-eabi-gcc/8.2.1-1.3.1/.content/bin/../lib/gcc/arm-none-eabi/8.2.1/../../../../arm-none-eabi/lib/thumb/v7-m/nofp\libg_nano.a(lib_a-errno.o)
                              ./system/src/newlib/_sbrk.o (__errno)
c:/users/александра/appdata/roaming/xpacks/@gnu-mcu-eclipse/arm-none-eabi-gcc/8.2.1-1.3.1/.content/bin/../lib/gcc/arm-none-eabi/8.2.1/../../../../arm-none-eabi/lib/thumb/v7-m/nofp\libg_nano.a(lib_a-impure.o)
                              c:/users/александра/appdata/roaming/xpacks/@gnu-mcu-eclipse/arm-none-eabi-gcc/8.2.1-1.3.1/.content/bin/../lib/gcc/arm-none-eabi/8.2.1/../../../../arm-none-eabi/lib/thumb/v7-m/nofp\libg_nano.a(lib_a-errno.o) (_impure_ptr)
c:/users/александра/appdata/roaming/xpacks/@gnu-mcu-eclipse/arm-none-eabi-gcc/8.2.1-1.3.1/.content/bin/../lib/gcc/arm-none-eabi/8.2.1/../../../../arm-none-eabi/lib/thumb/v7-m/nofp\libg_nano.a(lib_a-sscanf.o)
                              ./src/main.o (sscanf)
c:/users/александра/appdata/roaming/xpacks/@gnu-mcu-eclipse/arm-none-eabi-gcc/8.2.1-1.3.1/.content/bin/../lib/gcc/arm-none-eabi/8.2.1/../../../../arm-none-eabi/lib/thumb/v7-m/nofp\libg_nano.a(lib_a-stdio.o)
                              c:/users/александра/appdata/roaming/xpacks/@gnu-mcu-eclipse/arm-none-eabi-gcc/8.2.1-1.3.1/.content/bin/../lib/gcc/arm-none-eabi/8.2.1/../../../../arm-none-eabi/lib/thumb/v7-m/nofp\libg_nano.a(lib_a-sscanf.o) (__seofread)
c:/users/александра/appdata/roaming/xpacks/@gnu-mcu-eclipse/arm-none-eabi-gcc/8.2.1-1.3.1/.content/bin/../lib/gcc/arm-none-eabi/8.2.1/../../../../arm-none-eabi/lib/thumb/v7-m/nofp\libg_nano.a(lib_a-strlen.o)
                              ./system/src/diag/Trace.o (strlen)
c:/users/александра/appdata/roaming/xpacks/@gnu-mcu-eclipse/arm-none-eabi-gcc/8.2.1-1.3.1/.content/bin/../lib/gcc/arm-none-eabi/8.2.1/../../../../arm-none-eabi/lib/thumb/v7-m/nofp\libg_nano.a(lib_a-vsnprintf.o)
                              ./system/src/diag/Trace.o (vsnprintf)
c:/users/александра/appdata/roaming/xpacks/@gnu-mcu-eclipse/arm-none-eabi-gcc/8.2.1-1.3.1/.content/bin/../lib/gcc/arm-none-eabi/8.2.1/../../../../arm-none-eabi/lib/thumb/v7-m/nofp\libg_nano.a(lib_a-writer.o)
                              c:/users/александра/appdata/roaming/xpacks/@gnu-mcu-eclipse/arm-none-eabi-gcc/8.2.1-1.3.1/.content/bin/../lib/gcc/arm-none-eabi/8.2.1/../../../../arm-none-eabi/lib/thumb/v7-m/nofp\libg_nano.a(lib_a-stdio.o) (_write_r)
c:/users/александра/appdata/roaming/xpacks/@gnu-mcu-eclipse/arm-none-eabi-gcc/8.2.1-1.3.1/.content/bin/../lib/gcc/arm-none-eabi/8.2.1/../../../../arm-none-eabi/lib/thumb/v7-m/nofp\libg_nano.a(lib_a-closer.o)
                              c:/users/александра/appdata/roaming/xpacks/@gnu-mcu-eclipse/arm-none-eabi-gcc/8.2.1-1.3.1/.content/bin/../lib/gcc/arm-none-eabi/8.2.1/../../../../arm-none-eabi/lib/thumb/v7-m/nofp\libg_nano.a(lib_a-stdio.o) (_close_r)
c:/users/александра/appdata/roaming/xpacks/@gnu-mcu-eclipse/arm-none-eabi-gcc/8.2.1-1.3.1/.content/bin/../lib/gcc/arm-none-eabi/8.2.1/../../../../arm-none-eabi/lib/thumb/v7-m/nofp\libg_nano.a(lib_a-lseekr.o)
                              c:/users/александра/appdata/roaming/xpacks/@gnu-mcu-eclipse/arm-none-eabi-gcc/8.2.1-1.3.1/.content/bin/../lib/gcc/arm-none-eabi/8.2.1/../../../../arm-none-eabi/lib/thumb/v7-m/nofp\libg_nano.a(lib_a-stdio.o) (_lseek_r)
c:/users/александра/appdata/roaming/xpacks/@gnu-mcu-eclipse/arm-none-eabi-gcc/8.2.1-1.3.1/.content/bin/../lib/gcc/arm-none-eabi/8.2.1/../../../../arm-none-eabi/lib/thumb/v7-m/nofp\libg_nano.a(lib_a-nano-svfprintf.o)
                              c:/users/александра/appdata/roaming/xpacks/@gnu-mcu-eclipse/arm-none-eabi-gcc/8.2.1-1.3.1/.content/bin/../lib/gcc/arm-none-eabi/8.2.1/../../../../arm-none-eabi/lib/thumb/v7-m/nofp\libg_nano.a(lib_a-vsnprintf.o) (_svfprintf_r)
c:/users/александра/appdata/roaming/xpacks/@gnu-mcu-eclipse/arm-none-eabi-gcc/8.2.1-1.3.1/.content/bin/../lib/gcc/arm-none-eabi/8.2.1/../../../../arm-none-eabi/lib/thumb/v7-m/nofp\libg_nano.a(lib_a-nano-svfscanf.o)
                              c:/users/александра/appdata/roaming/xpacks/@gnu-mcu-eclipse/arm-none-eabi-gcc/8.2.1-1.3.1/.content/bin/../lib/gcc/arm-none-eabi/8.2.1/../../../../arm-none-eabi/lib/thumb/v7-m/nofp\libg_nano.a(lib_a-sscanf.o) (__ssvfscanf_r)
c:/users/александра/appdata/roaming/xpacks/@gnu-mcu-eclipse/arm-none-eabi-gcc/8.2.1-1.3.1/.content/bin/../lib/gcc/arm-none-eabi/8.2.1/../../../../arm-none-eabi/lib/thumb/v7-m/nofp\libg_nano.a(lib_a-nano-vfprintf_i.o)
                              c:/users/александра/appdata/roaming/xpacks/@gnu-mcu-eclipse/arm-none-eabi-gcc/8.2.1-1.3.1/.content/bin/../lib/gcc/arm-none-eabi/8.2.1/../../../../arm-none-eabi/lib/thumb/v7-m/nofp\libg_nano.a(lib_a-nano-svfprintf.o) (_printf_i)
[...]
Memory Configuration

Name             Origin             Length             Attributes
RAM              0x0000000020000000 0x0000000000005000 xrw
CCMRAM           0x0000000000000000 0x0000000000000000 xrw
FLASH            0x0000000008000000 0x0000000000020000 xr
FLASHB1          0x0000000000000000 0x0000000000000000 xr
EXTMEMB0         0x0000000000000000 0x0000000000000000 xr
EXTMEMB1         0x0000000000000000 0x0000000000000000 xr
EXTMEMB2         0x0000000000000000 0x0000000000000000 xr
EXTMEMB3         0x0000000000000000 0x0000000000000000 xr
MEMORY_ARRAY     0x0000000000000000 0x0000000000000000 xrw
*default*        0x0000000000000000 0xffffffffffffffff

Linker script and memory map

LOAD ./system/src/stm32f1-stdperiph/misc.o
LOAD ./system/src/stm32f1-stdperiph/stm32f10x_adc.o
LOAD ./system/src/stm32f1-stdperiph/stm32f10x_bkp.o
LOAD ./system/src/stm32f1-stdperiph/stm32f10x_can.o
LOAD ./system/src/stm32f1-stdperiph/stm32f10x_cec.o
LOAD ./system/src/stm32f1-stdperiph/stm32f10x_crc.o
LOAD ./system/src/stm32f1-stdperiph/stm32f10x_dac.o
LOAD ./system/src/stm32f1-stdperiph/stm32f10x_dbgmcu.o
LOAD ./system/src/stm32f1-stdperiph/stm32f10x_dma.o
LOAD ./system/src/stm32f1-stdperiph/stm32f10x_exti.o
LOAD ./system/src/stm32f1-stdperiph/stm32f10x_flash.o
LOAD ./system/src/stm32f1-stdperiph/stm32f10x_fsmc.o
LOAD ./system/src/stm32f1-stdperiph/stm32f10x_gpio.o
LOAD ./system/src/stm32f1-stdperiph/stm32f10x_i2c.o
LOAD ./system/src/stm32f1-stdperiph/stm32f10x_iwdg.o
LOAD ./system/src/stm32f1-stdperiph/stm32f10x_pwr.o
LOAD ./system/src/stm32f1-stdperiph/stm32f10x_rcc.o
LOAD ./system/src/stm32f1-stdperiph/stm32f10x_rtc.o
LOAD ./system/src/stm32f1-stdperiph/stm32f10x_sdio.o
LOAD ./system/src/stm32f1-stdperiph/stm32f10x_spi.o
LOAD ./system/src/stm32f1-stdperiph/stm32f10x_tim.o
LOAD ./system/src/stm32f1-stdperiph/stm32f10x_usart.o
LOAD ./system/src/stm32f1-stdperiph/stm32f10x_wwdg.o
LOAD ./system/src/newlib/_cxx.o
LOAD ./system/src/newlib/_exit.o
LOAD ./system/src/newlib/_sbrk.o
LOAD ./system/src/newlib/_startup.o
LOAD ./system/src/newlib/_syscalls.o
LOAD ./system/src/newlib/assert.o
LOAD ./system/src/diag/Trace.o
LOAD ./system/src/diag/trace_impl.o
LOAD ./system/src/cortexm/_initialize_hardware.o
LOAD ./system/src/cortexm/_reset_hardware.o
LOAD ./system/src/cortexm/exception_handlers.o
LOAD ./system/src/cmsis/system_stm32f10x.o
LOAD ./system/src/cmsis/vectors_stm32f10x.o
LOAD ./src/Led.o
LOAD ./src/_write.o
LOAD ./src/main.o
LOAD c:/users/александра/appdata/roaming/xpacks/@gnu-mcu-eclipse/arm-none-eabi-gcc/8.2.1-1.3.1/.content/bin/../lib/gcc/arm-none-eabi/8.2.1/../../../../arm-none-eabi/lib/thumb/v7-m/nofp\libstdc++_nano.a
LOAD c:/users/александра/appdata/roaming/xpacks/@gnu-mcu-eclipse/arm-none-eabi-gcc/8.2.1-1.3.1/.content/bin/../lib/gcc/arm-none-eabi/8.2.1/../../../../arm-none-eabi/lib/thumb/v7-m/nofp\libm.a
START GROUP
LOAD c:/users/александра/appdata/roaming/xpacks/@gnu-mcu-eclipse/arm-none-eabi-gcc/8.2.1-1.3.1/.content/bin/../lib/gcc/arm-none-eabi/8.2.1/thumb/v7-m/nofp\libgcc.a
LOAD c:/users/александра/appdata/roaming/xpacks/@gnu-mcu-eclipse/arm-none-eabi-gcc/8.2.1-1.3.1/.content/bin/../lib/gcc/arm-none-eabi/8.2.1/../../../../arm-none-eabi/lib/thumb/v7-m/nofp\libg_nano.a
LOAD c:/users/александра/appdata/roaming/xpacks/@gnu-mcu-eclipse/arm-none-eabi-gcc/8.2.1-1.3.1/.content/bin/../lib/gcc/arm-none-eabi/8.2.1/../../../../arm-none-eabi/lib/thumb/v7-m/nofp\libc_nano.a
END GROUP
START GROUP
LOAD c:/users/александра/appdata/roaming/xpacks/@gnu-mcu-eclipse/arm-none-eabi-gcc/8.2.1-1.3.1/.content/bin/../lib/gcc/arm-none-eabi/8.2.1/thumb/v7-m/nofp\libgcc.a
LOAD c:/users/александра/appdata/roaming/xpacks/@gnu-mcu-eclipse/arm-none-eabi-gcc/8.2.1-1.3.1/.content/bin/../lib/gcc/arm-none-eabi/8.2.1/../../../../arm-none-eabi/lib/thumb/v7-m/nofp\libc_nano.a
END GROUP
                0x0000000020005000                __stack = (ORIGIN (RAM) + LENGTH (RAM))
                0x0000000020005000                _estack = __stack
                0x0000000000000400                __Main_Stack_Size = 0x400
                [!provide]                        PROVIDE (_Main_Stack_Size = __Main_Stack_Size)
                0x0000000020004c00                __Main_Stack_Limit = (__stack - __Main_Stack_Size)
                [!provide]                        PROVIDE (_Main_Stack_Limit = __Main_Stack_Limit)
                0x0000000000000100                _Minimum_Stack_Size = 0x100
                0x0000000020000144                PROVIDE (_Heap_Begin = _end_noinit)
                0x0000000020004c00                PROVIDE (_Heap_Limit = (__stack - __Main_Stack_Size))

.isr_vector     0x0000000008000000      0x350
 FILL mask 0xff
                0x0000000008000000                __vectors_start = ABSOLUTE (.)
                0x0000000008000000                __vectors_start__ = ABSOLUTE (.)
 *(.isr_vector)
 .isr_vector    0x0000000008000000      0x10c ./system/src/cmsis/vectors_stm32f10x.o
                0x0000000008000000                __isr_vectors
 *(.cfmconfig)
 *(.after_vectors .after_vectors.*)
 .after_vectors
                0x000000000800010c      0x114 ./system/src/newlib/_startup.o
                0x000000000800010c                _start
 .after_vectors
                0x0000000008000220      0x12c ./system/src/cortexm/exception_handlers.o
                0x0000000008000220                Reset_Handler
                0x0000000008000226                NMI_Handler
                0x000000000800022a                HardFault_Handler
                0x000000000800023e                HardFault_Handler_C
                0x000000000800029c                MemManage_Handler
                0x00000000080002a0                BusFault_Handler
                0x00000000080002b4                BusFault_Handler_C
                0x00000000080002e8                UsageFault_Handler
                0x00000000080002fc                UsageFault_Handler_C
                0x0000000008000330                SVC_Handler
                0x0000000008000334                DebugMon_Handler
                0x0000000008000338                PendSV_Handler
                0x000000000800033c                SysTick_Handler
 .after_vectors
                0x000000000800034c        0x4 ./system/src/cmsis/vectors_stm32f10x.o
                0x000000000800034c                EXTI2_IRQHandler
                0x000000000800034c                TIM8_TRG_COM_IRQHandler
                0x000000000800034c                TIM8_CC_IRQHandler
                0x000000000800034c                TIM1_CC_IRQHandler
                0x000000000800034c                TIM6_IRQHandler
                0x000000000800034c                PVD_IRQHandler
                0x000000000800034c                SDIO_IRQHandler
                0x000000000800034c                CAN2_RX1_IRQHandler
                0x000000000800034c                EXTI3_IRQHandler
                0x000000000800034c                TIM8_TRG_COM_TIM14_IRQHandler
                0x000000000800034c                TIM1_UP_TIM10_IRQHandler
                0x000000000800034c                TIM8_UP_TIM13_IRQHandler
                0x000000000800034c                EXTI0_IRQHandler
                0x000000000800034c                I2C2_EV_IRQHandler
                0x000000000800034c                CAN1_RX0_IRQHandler
                0x000000000800034c                TIM1_UP_TIM16_IRQHandler
                0x000000000800034c                CAN2_SCE_IRQHandler
                0x000000000800034c                ADC1_2_IRQHandler
                0x000000000800034c                SPI1_IRQHandler
                0x000000000800034c                TAMPER_IRQHandler
                0x000000000800034c                TIM6_DAC_IRQHandler
                0x000000000800034c                TIM1_BRK_TIM9_IRQHandler
                0x000000000800034c                CAN2_RX0_IRQHandler
                0x000000000800034c                TIM8_UP_IRQHandler
                0x000000000800034c                DMA2_Channel2_IRQHandler
                0x000000000800034c                DMA1_Channel4_IRQHandler
                0x000000000800034c                USART3_IRQHandler
                0x000000000800034c                RTC_IRQHandler
                0x000000000800034c                DMA1_Channel7_IRQHandler
                0x000000000800034c                CAN1_RX1_IRQHandler
                0x000000000800034c                UART5_IRQHandler
                0x000000000800034c                ADC3_IRQHandler
                0x000000000800034c                TIM4_IRQHandler
                0x000000000800034c                DMA2_Channel1_IRQHandler
                0x000000000800034c                I2C1_EV_IRQHandler
                0x000000000800034c                DMA1_Channel6_IRQHandler
                0x000000000800034c                UART4_IRQHandler
                0x000000000800034c                DMA2_Channel4_IRQHandler
                0x000000000800034c                TIM3_IRQHandler
                0x000000000800034c                RCC_IRQHandler
                0x000000000800034c                TIM8_BRK_TIM12_IRQHandler
                0x000000000800034c                TIM1_TRG_COM_IRQHandler
                0x000000000800034c                DMA1_Channel1_IRQHandler
                0x000000000800034c                Default_Handler
                0x000000000800034c                CEC_IRQHandler
                0x000000000800034c                EXTI15_10_IRQHandler
                0x000000000800034c                TIM14_IRQHandler
                0x000000000800034c                TIM13_IRQHandler
                0x000000000800034c                TIM12_IRQHandler
                0x000000000800034c                TIM7_IRQHandler
                0x000000000800034c                CAN2_TX_IRQHandler
                0x000000000800034c                TIM5_IRQHandler
                0x000000000800034c                EXTI9_5_IRQHandler
                0x000000000800034c                ETH_WKUP_IRQHandler
                0x000000000800034c                SPI2_IRQHandler
                0x000000000800034c                CAN1_TX_IRQHandler
                0x000000000800034c                DMA2_Channel5_IRQHandler
                0x000000000800034c                DMA1_Channel5_IRQHandler
                0x000000000800034c                EXTI4_IRQHandler
                0x000000000800034c                USB_LP_CAN1_RX0_IRQHandler
                0x000000000800034c                TIM1_TRG_COM_TIM17_IRQHandler
                0x000000000800034c                USB_HP_CAN1_TX_IRQHandler
                0x000000000800034c                DMA1_Channel3_IRQHandler
                0x000000000800034c                FSMC_IRQHandler
                0x000000000800034c                ETH_IRQHandler
                0x000000000800034c                TIM1_UP_IRQHandler
                0x000000000800034c                WWDG_IRQHandler
                0x000000000800034c                TIM2_IRQHandler
                0x000000000800034c                OTG_FS_WKUP_IRQHandler
                0x000000000800034c                TIM1_TRG_COM_TIM11_IRQHandler
                0x000000000800034c                TIM1_BRK_IRQHandler
                0x000000000800034c                EXTI1_IRQHandler
                0x000000000800034c                RTCAlarm_IRQHandler
                0x000000000800034c                DMA2_Channel4_5_IRQHandler
                0x000000000800034c                USART2_IRQHandler
                0x000000000800034c                I2C2_ER_IRQHandler
                0x000000000800034c                DMA1_Channel2_IRQHandler
                0x000000000800034c                TIM8_BRK_IRQHandler
                0x000000000800034c                CAN1_SCE_IRQHandler
                0x000000000800034c                FLASH_IRQHandler
                0x000000000800034c                USART1_IRQHandler
                0x000000000800034c                OTG_FS_IRQHandler
                0x000000000800034c                SPI3_IRQHandler
                0x000000000800034c                I2C1_ER_IRQHandler
                0x000000000800034c                USBWakeUp_IRQHandler
                0x000000000800034c                DMA2_Channel3_IRQHandler
                0x000000000800034c                TIM1_BRK_TIM15_IRQHandler

.inits          0x0000000008000350       0x28
                0x0000000008000350                __data_regions_array_start = .
                0x0000000008000350        0x4 LONG 0x800256c LOADADDR (.data)
                0x0000000008000354        0x4 LONG 0x20000000 ADDR (.data)
                0x0000000008000358        0x4 LONG 0x2000009c (ADDR (.data) + SIZEOF (.data))
                0x000000000800035c        0x4 LONG 0x800256c LOADADDR (.data_CCMRAM)
                0x0000000008000360        0x4 LONG 0x0 ADDR (.data_CCMRAM)
                0x0000000008000364        0x4 LONG 0x0 (ADDR (.data_CCMRAM) + SIZEOF (.data_CCMRAM))
                0x0000000008000368                __data_regions_array_end = .
                0x0000000008000368                __bss_regions_array_start = .
                0x0000000008000368        0x4 LONG 0x2000009c ADDR (.bss)
                0x000000000800036c        0x4 LONG 0x20000144 (ADDR (.bss) + SIZEOF (.bss))
                0x0000000008000370        0x4 LONG 0x0 ADDR (.bss_CCMRAM)
                0x0000000008000374        0x4 LONG 0x0 (ADDR (.bss_CCMRAM) + SIZEOF (.bss_CCMRAM))
                0x0000000008000378                __bss_regions_array_end = .
 *(.init)
 *(.fini)
                0x0000000008000378                . = ALIGN (0x4)
                0x0000000008000378                PROVIDE (__preinit_array_start = .)
 *(.preinit_array_sysinit .preinit_array_sysinit.*)
 *(.preinit_array_platform .preinit_array_platform.*)
 *(.preinit_array .preinit_array.*)
                0x0000000008000378                PROVIDE (__preinit_array_end = .)
                0x0000000008000378                . = ALIGN (0x4)
                0x0000000008000378                PROVIDE (__init_array_start = .)
 *(SORT_BY_NAME(.init_array.*))
 *(.init_array)
                0x0000000008000378                PROVIDE (__init_array_end = .)
                0x0000000008000378                . = ALIGN (0x4)
                0x0000000008000378                PROVIDE (__fini_array_start = .)
 *(SORT_BY_NAME(.fini_array.*))
 *(.fini_array)
                0x0000000008000378                PROVIDE (__fini_array_end = .)

.flashtext
 *(.flashtext .flashtext.*)

.text           0x0000000008000378     0x21f4
 *(.text .text.*)
 .text.GPIO_Init
                0x0000000008000378      0x134 ./system/src/stm32f1-stdperiph/stm32f10x_gpio.o
                0x0000000008000378                GPIO_Init
 .text.GPIO_WriteBit
                0x00000000080004ac       0xc8 ./system/src/stm32f1-stdperiph/stm32f10x_gpio.o
                0x00000000080004ac                GPIO_WriteBit
 .text.RCC_GetClocksFreq
                0x0000000008000574       0xc4 ./system/src/stm32f1-stdperiph/stm32f10x_rcc.o
                0x0000000008000574                RCC_GetClocksFreq
 .text.RCC_APB2PeriphClockCmd
                0x0000000008000638       0x4c ./system/src/stm32f1-stdperiph/stm32f10x_rcc.o
                0x0000000008000638                RCC_APB2PeriphClockCmd
 .text.USART_Init
                0x0000000008000684      0x1b8 ./system/src/stm32f1-stdperiph/stm32f10x_usart.o
                0x0000000008000684                USART_Init
 .text.USART_Cmd
                0x000000000800083c       0x68 ./system/src/stm32f1-stdperiph/stm32f10x_usart.o
                0x000000000800083c                USART_Cmd
 .text.USART_SendData
                0x00000000080008a4       0x58 ./system/src/stm32f1-stdperiph/stm32f10x_usart.o
                0x00000000080008a4                USART_SendData
 .text.USART_ReceiveData
                0x00000000080008fc       0x44 ./system/src/stm32f1-stdperiph/stm32f10x_usart.o
                0x00000000080008fc                USART_ReceiveData
 .text.USART_GetFlagStatus
                0x0000000008000940       0xac ./system/src/stm32f1-stdperiph/stm32f10x_usart.o
                0x0000000008000940                USART_GetFlagStatus
 .text._exit    0x00000000080009ec        0x2 ./system/src/newlib/_exit.o
                0x00000000080009ec                _exit
 *fill*         0x00000000080009ee        0x2 
 .text.abort    0x00000000080009f0       0x14 ./system/src/newlib/_exit.o
                0x00000000080009f0                abort
 .text._sbrk    0x0000000008000a04       0x44 ./system/src/newlib/_sbrk.o
                0x0000000008000a04                _sbrk
 .text.__initialize_args
                0x0000000008000a48       0x10 ./system/src/newlib/_syscalls.o
                0x0000000008000a48                __initialize_args
 .text.assert_failed
                0x0000000008000a58       0x14 ./system/src/newlib/assert.o
                0x0000000008000a58                assert_failed
 .text.trace_printf
                0x0000000008000a6c       0x34 ./system/src/diag/Trace.o
                0x0000000008000a6c                trace_printf
 .text.trace_puts
                0x0000000008000aa0       0x20 ./system/src/diag/Trace.o
                0x0000000008000aa0                trace_puts
 .text._trace_write_semihosting_debug
                0x0000000008000ac0       0x60 ./system/src/diag/trace_impl.o
 .text.trace_write
                0x0000000008000b20        0x8 ./system/src/diag/trace_impl.o
                0x0000000008000b20                trace_write
 .text.__initialize_hardware_early
                0x0000000008000b28       0x18 ./system/src/cortexm/_initialize_hardware.o
                0x0000000008000b28                __initialize_hardware_early
 .text.__initialize_hardware
                0x0000000008000b40        0x8 ./system/src/cortexm/_initialize_hardware.o
                0x0000000008000b40                __initialize_hardware
 .text.dumpExceptionStack
                0x0000000008000b48       0xf4 ./system/src/cortexm/exception_handlers.o
                0x0000000008000b48                dumpExceptionStack
 .text.isSemihosting
                0x0000000008000c3c       0x20 ./system/src/cortexm/exception_handlers.o
                0x0000000008000c3c                isSemihosting
 .text.SetSysClockTo72
                0x0000000008000c5c       0xc4 ./system/src/cmsis/system_stm32f10x.o
 .text.SetSysClock
                0x0000000008000d20        0x8 ./system/src/cmsis/system_stm32f10x.o
 .text.SystemInit
                0x0000000008000d28       0x50 ./system/src/cmsis/system_stm32f10x.o
                0x0000000008000d28                SystemInit
 .text.SystemCoreClockUpdate
                0x0000000008000d78       0x9c ./system/src/cmsis/system_stm32f10x.o
                0x0000000008000d78                SystemCoreClockUpdate
 .text._ZN3LedC2EP12GPIO_TypeDeft
                0x0000000008000e14       0x28 ./src/Led.o
                0x0000000008000e14                Led::Led(GPIO_TypeDef*, unsigned short)
                0x0000000008000e14                Led::Led(GPIO_TypeDef*, unsigned short)
 .text._ZN3Led3offEv
                0x0000000008000e3c        0xe ./src/Led.o
                0x0000000008000e3c                Led::off()
 .text._ZN3Led2onEv
                0x0000000008000e4a        0xe ./src/Led.o
                0x0000000008000e4a                Led::on()
 .text.main     0x0000000008000e58      0x1ac ./src/main.o
                0x0000000008000e58                main
 .text.__errno  0x0000000008001004        0xc c:/users/александра/appdata/roaming/xpacks/@gnu-mcu-eclipse/arm-none-eabi-gcc/8.2.1-1.3.1/.content/bin/../lib/gcc/arm-none-eabi/8.2.1/../../../../arm-none-eabi/lib/thumb/v7-m/nofp\libg_nano.a(lib_a-errno.o)
                0x0000000008001004                __errno
 .text.sscanf   0x0000000008001010       0x54 c:/users/александра/appdata/roaming/xpacks/@gnu-mcu-eclipse/arm-none-eabi-gcc/8.2.1-1.3.1/.content/bin/../lib/gcc/arm-none-eabi/8.2.1/../../../../arm-none-eabi/lib/thumb/v7-m/nofp\libg_nano.a(lib_a-sscanf.o)
                0x0000000008001010                siscanf
                0x0000000008001010                sscanf
 .text.__seofread
                0x0000000008001064        0x4 c:/users/александра/appdata/roaming/xpacks/@gnu-mcu-eclipse/arm-none-eabi-gcc/8.2.1-1.3.1/.content/bin/../lib/gcc/arm-none-eabi/8.2.1/../../../../arm-none-eabi/lib/thumb/v7-m/nofp\libg_nano.a(lib_a-stdio.o)
                0x0000000008001064                __seofread
 .text          0x0000000008001068       0x10 c:/users/александра/appdata/roaming/xpacks/@gnu-mcu-eclipse/arm-none-eabi-gcc/8.2.1-1.3.1/.content/bin/../lib/gcc/arm-none-eabi/8.2.1/../../../../arm-none-eabi/lib/thumb/v7-m/nofp\libg_nano.a(lib_a-strlen.o)
                0x0000000008001068                strlen
 .text._vsnprintf_r
                0x0000000008001078       0x58 c:/users/александра/appdata/roaming/xpacks/@gnu-mcu-eclipse/arm-none-eabi-gcc/8.2.1-1.3.1/.content/bin/../lib/gcc/arm-none-eabi/8.2.1/../../../../arm-none-eabi/lib/thumb/v7-m/nofp\libg_nano.a(lib_a-vsnprintf.o)
                0x0000000008001078                _vsniprintf_r
                0x0000000008001078                _vsnprintf_r
 .text.vsnprintf
                0x00000000080010d0       0x1c c:/users/александра/appdata/roaming/xpacks/@gnu-mcu-eclipse/arm-none-eabi-gcc/8.2.1-1.3.1/.content/bin/../lib/gcc/arm-none-eabi/8.2.1/../../../../arm-none-eabi/lib/thumb/v7-m/nofp\libg_nano.a(lib_a-vsnprintf.o)
                0x00000000080010d0                vsniprintf
                0x00000000080010d0                vsnprintf
 .text.__ssputs_r
                0x00000000080010ec       0xb6 c:/users/александра/appdata/roaming/xpacks/@gnu-mcu-eclipse/arm-none-eabi-gcc/8.2.1-1.3.1/.content/bin/../lib/gcc/arm-none-eabi/8.2.1/../../../../arm-none-eabi/lib/thumb/v7-m/nofp\libg_nano.a(lib_a-nano-svfprintf.o)
                0x00000000080010ec                __ssputs_r
 *fill*         0x00000000080011a2        0x2 
 .text._svfprintf_r
                0x00000000080011a4      0x1f0 c:/users/александра/appdata/roaming/xpacks/@gnu-mcu-eclipse/arm-none-eabi-gcc/8.2.1-1.3.1/.content/bin/../lib/gcc/arm-none-eabi/8.2.1/../../../../arm-none-eabi/lib/thumb/v7-m/nofp\libg_nano.a(lib_a-nano-svfprintf.o)
                0x00000000080011a4                _svfiprintf_r
                0x00000000080011a4                _svfprintf_r
 .text._sungetc_r
                0x0000000008001394       0x7a c:/users/александра/appdata/roaming/xpacks/@gnu-mcu-eclipse/arm-none-eabi-gcc/8.2.1-1.3.1/.content/bin/../lib/gcc/arm-none-eabi/8.2.1/../../../../arm-none-eabi/lib/thumb/v7-m/nofp\libg_nano.a(lib_a-nano-svfscanf.o)
                0x0000000008001394                _sungetc_r
 .text.__ssrefill_r
                0x000000000800140e       0x3a c:/users/александра/appdata/roaming/xpacks/@gnu-mcu-eclipse/arm-none-eabi-gcc/8.2.1-1.3.1/.content/bin/../lib/gcc/arm-none-eabi/8.2.1/../../../../arm-none-eabi/lib/thumb/v7-m/nofp\libg_nano.a(lib_a-nano-svfscanf.o)
                0x000000000800140e                __ssrefill_r
 .text.__ssvfscanf_r
                0x0000000008001448      0x290 c:/users/александра/appdata/roaming/xpacks/@gnu-mcu-eclipse/arm-none-eabi-gcc/8.2.1-1.3.1/.content/bin/../lib/gcc/arm-none-eabi/8.2.1/../../../../arm-none-eabi/lib/thumb/v7-m/nofp\libg_nano.a(lib_a-nano-svfscanf.o)
                0x0000000008001448                __ssvfiscanf_r
                0x0000000008001448                __ssvfscanf_r
 .text._printf_common
                0x00000000080016d8       0xec c:/users/александра/appdata/roaming/xpacks/@gnu-mcu-eclipse/arm-none-eabi-gcc/8.2.1-1.3.1/.content/bin/../lib/gcc/arm-none-eabi/8.2.1/../../../../arm-none-eabi/lib/thumb/v7-m/nofp\libg_nano.a(lib_a-nano-vfprintf_i.o)
                0x00000000080016d8                _printf_common
 .text._printf_i
                0x00000000080017c4      0x22c c:/users/александра/appdata/roaming/xpacks/@gnu-mcu-eclipse/arm-none-eabi-gcc/8.2.1-1.3.1/.content/bin/../lib/gcc/arm-none-eabi/8.2.1/../../../../arm-none-eabi/lib/thumb/v7-m/nofp\libg_nano.a(lib_a-nano-vfprintf_i.o)
                0x00000000080017c4                _printf_i
 .text._scanf_chars
                0x00000000080019f0       0xb0 c:/users/александра/appdata/roaming/xpacks/@gnu-mcu-eclipse/arm-none-eabi-gcc/8.2.1-1.3.1/.content/bin/../lib/gcc/arm-none-eabi/8.2.1/../../../../arm-none-eabi/lib/thumb/v7-m/nofp\libg_nano.a(lib_a-nano-vfscanf_i.o)
                0x00000000080019f0                _scanf_chars
 .text._scanf_i
                0x0000000008001aa0      0x1e4 c:/users/александра/appdata/roaming/xpacks/@gnu-mcu-eclipse/arm-none-eabi-gcc/8.2.1-1.3.1/.content/bin/../lib/gcc/arm-none-eabi/8.2.1/../../../../arm-none-eabi/lib/thumb/v7-m/nofp\libg_nano.a(lib_a-nano-vfscanf_i.o)
                0x0000000008001aa0                _scanf_i
 .text.__sccl   0x0000000008001c84       0x62 c:/users/александра/appdata/roaming/xpacks/@gnu-mcu-eclipse/arm-none-eabi-gcc/8.2.1-1.3.1/.content/bin/../lib/gcc/arm-none-eabi/8.2.1/../../../../arm-none-eabi/lib/thumb/v7-m/nofp\libg_nano.a(lib_a-sccl.o)
                0x0000000008001c84                __sccl
 *fill*         0x0000000008001ce6        0x2 
 .text._strtol_l.isra.0
                0x0000000008001ce8       0xf0 c:/users/александра/appdata/roaming/xpacks/@gnu-mcu-eclipse/arm-none-eabi-gcc/8.2.1-1.3.1/.content/bin/../lib/gcc/arm-none-eabi/8.2.1/../../../../arm-none-eabi/lib/thumb/v7-m/nofp\libg_nano.a(lib_a-strtol.o)
 .text._strtol_r
                0x0000000008001dd8        0x4 c:/users/александра/appdata/roaming/xpacks/@gnu-mcu-eclipse/arm-none-eabi-gcc/8.2.1-1.3.1/.content/bin/../lib/gcc/arm-none-eabi/8.2.1/../../../../arm-none-eabi/lib/thumb/v7-m/nofp\libg_nano.a(lib_a-strtol.o)
                0x0000000008001dd8                _strtol_r
 .text._strtoul_l.isra.0
                0x0000000008001ddc       0xec c:/users/александра/appdata/roaming/xpacks/@gnu-mcu-eclipse/arm-none-eabi-gcc/8.2.1-1.3.1/.content/bin/../lib/gcc/arm-none-eabi/8.2.1/../../../../arm-none-eabi/lib/thumb/v7-m/nofp\libg_nano.a(lib_a-strtoul.o)
 .text._strtoul_r
                0x0000000008001ec8        0x4 c:/users/александра/appdata/roaming/xpacks/@gnu-mcu-eclipse/arm-none-eabi-gcc/8.2.1-1.3.1/.content/bin/../lib/gcc/arm-none-eabi/8.2.1/../../../../arm-none-eabi/lib/thumb/v7-m/nofp\libg_nano.a(lib_a-strtoul.o)
                0x0000000008001ec8                _strtoul_r
 .text.__submore
                0x0000000008001ecc       0x70 c:/users/александра/appdata/roaming/xpacks/@gnu-mcu-eclipse/arm-none-eabi-gcc/8.2.1-1.3.1/.content/bin/../lib/gcc/arm-none-eabi/8.2.1/../../../../arm-none-eabi/lib/thumb/v7-m/nofp\libg_nano.a(lib_a-ungetc.o)
                0x0000000008001ecc                __submore
 .text.__retarget_lock_acquire_recursive
                0x0000000008001f3c        0x2 c:/users/александра/appdata/roaming/xpacks/@gnu-mcu-eclipse/arm-none-eabi-gcc/8.2.1-1.3.1/.content/bin/../lib/gcc/arm-none-eabi/8.2.1/../../../../arm-none-eabi/lib/thumb/v7-m/nofp\libg_nano.a(lib_a-lock.o)
                0x0000000008001f3c                __retarget_lock_acquire_recursive
 .text.__retarget_lock_release_recursive
                0x0000000008001f3e        0x2 c:/users/александра/appdata/roaming/xpacks/@gnu-mcu-eclipse/arm-none-eabi-gcc/8.2.1-1.3.1/.content/bin/../lib/gcc/arm-none-eabi/8.2.1/../../../../arm-none-eabi/lib/thumb/v7-m/nofp\libg_nano.a(lib_a-lock.o)
                0x0000000008001f3e                __retarget_lock_release_recursive
 .text.memchr   0x0000000008001f40       0x1c c:/users/александра/appdata/roaming/xpacks/@gnu-mcu-eclipse/arm-none-eabi-gcc/8.2.1-1.3.1/.content/bin/../lib/gcc/arm-none-eabi/8.2.1/../../../../arm-none-eabi/lib/thumb/v7-m/nofp\libg_nano.a(lib_a-memchr-stub.o)
                0x0000000008001f40                memchr
 .text.memcpy   0x0000000008001f5c       0x1c c:/users/александра/appdata/roaming/xpacks/@gnu-mcu-eclipse/arm-none-eabi-gcc/8.2.1-1.3.1/.content/bin/../lib/gcc/arm-none-eabi/8.2.1/../../../../arm-none-eabi/lib/thumb/v7-m/nofp\libg_nano.a(lib_a-memcpy-stub.o)
                0x0000000008001f5c                memcpy
 .text.memmove  0x0000000008001f78       0x34 c:/users/александра/appdata/roaming/xpacks/@gnu-mcu-eclipse/arm-none-eabi-gcc/8.2.1-1.3.1/.content/bin/../lib/gcc/arm-none-eabi/8.2.1/../../../../arm-none-eabi/lib/thumb/v7-m/nofp\libg_nano.a(lib_a-memmove.o)
                0x0000000008001f78                memmove
 .text._free_r  0x0000000008001fac       0x98 c:/users/александра/appdata/roaming/xpacks/@gnu-mcu-eclipse/arm-none-eabi-gcc/8.2.1-1.3.1/.content/bin/../lib/gcc/arm-none-eabi/8.2.1/../../../../arm-none-eabi/lib/thumb/v7-m/nofp\libg_nano.a(lib_a-nano-freer.o)
                0x0000000008001fac                _free_r
 .text._malloc_r
                0x0000000008002044       0xb4 c:/users/александра/appdata/roaming/xpacks/@gnu-mcu-eclipse/arm-none-eabi-gcc/8.2.1-1.3.1/.content/bin/../lib/gcc/arm-none-eabi/8.2.1/../../../../arm-none-eabi/lib/thumb/v7-m/nofp\libg_nano.a(lib_a-nano-mallocr.o)
                0x0000000008002044                _malloc_r
 .text._realloc_r
                0x00000000080020f8       0x4c c:/users/александра/appdata/roaming/xpacks/@gnu-mcu-eclipse/arm-none-eabi-gcc/8.2.1-1.3.1/.content/bin/../lib/gcc/arm-none-eabi/8.2.1/../../../../arm-none-eabi/lib/thumb/v7-m/nofp\libg_nano.a(lib_a-nano-reallocr.o)
                0x00000000080020f8                _realloc_r
 .text._sbrk_r  0x0000000008002144       0x20 c:/users/александра/appdata/roaming/xpacks/@gnu-mcu-eclipse/arm-none-eabi-gcc/8.2.1-1.3.1/.content/bin/../lib/gcc/arm-none-eabi/8.2.1/../../../../arm-none-eabi/lib/thumb/v7-m/nofp\libg_nano.a(lib_a-sbrkr.o)
                0x0000000008002144                _sbrk_r
 .text.__malloc_lock
                0x0000000008002164        0xc c:/users/александра/appdata/roaming/xpacks/@gnu-mcu-eclipse/arm-none-eabi-gcc/8.2.1-1.3.1/.content/bin/../lib/gcc/arm-none-eabi/8.2.1/../../../../arm-none-eabi/lib/thumb/v7-m/nofp\libg_nano.a(lib_a-mlock.o)
                0x0000000008002164                __malloc_lock
 .text.__malloc_unlock
                0x0000000008002170        0xc c:/users/александра/appdata/roaming/xpacks/@gnu-mcu-eclipse/arm-none-eabi-gcc/8.2.1-1.3.1/.content/bin/../lib/gcc/arm-none-eabi/8.2.1/../../../../arm-none-eabi/lib/thumb/v7-m/nofp\libg_nano.a(lib_a-mlock.o)
                0x0000000008002170                __malloc_unlock
 .text._malloc_usable_size_r
                0x000000000800217c       0x10 c:/users/александра/appdata/roaming/xpacks/@gnu-mcu-eclipse/arm-none-eabi-gcc/8.2.1-1.3.1/.content/bin/../lib/gcc/arm-none-eabi/8.2.1/../../../../arm-none-eabi/lib/thumb/v7-m/nofp\libg_nano.a(lib_a-nano-msizer.o)
                0x000000000800217c                _malloc_usable_size_r
 *(.rodata .rodata.* .constdata .constdata.*)
 .rodata.GPIO_DeInit.str1.4
                0x000000000800218c       0x31 ./system/src/stm32f1-stdperiph/stm32f10x_gpio.o
 *fill*         0x00000000080021bd        0x3 
 .rodata.RCC_HSEConfig.str1.4
                0x00000000080021c0       0x30 ./system/src/stm32f1-stdperiph/stm32f10x_rcc.o
 .rodata.USART_DeInit.str1.4
                0x00000000080021f0       0x32 ./system/src/stm32f1-stdperiph/stm32f10x_usart.o
 *fill*         0x0000000008002222        0x2 
 .rodata.abort.str1.4
                0x0000000008002224       0x14 ./system/src/newlib/_exit.o
 .rodata.assert_failed.str1.4
                0x0000000008002238       0x2b ./system/src/newlib/assert.o
 .rodata.trace_puts.str1.4
                0x0000000008002263       0x2b ./system/src/diag/Trace.o
                                          0x2 (size before relaxing)
 *fill*         0x0000000008002263        0x1 
 .rodata.dumpExceptionStack.str1.4
                0x0000000008002264      0x11a ./system/src/cortexm/exception_handlers.o
 *fill*         0x000000000800237e        0x2 
 .rodata.str1.4
                0x0000000008002380       0x2a ./system/src/cortexm/exception_handlers.o
 *fill*         0x00000000080023aa        0x2 
 .rodata.main.str1.4
                0x00000000080023ac        0x4 ./src/main.o
                                          0x3 (size before relaxing)
 .rodata._svfprintf_r.str1.1
                0x00000000080023b0       0x11 c:/users/александра/appdata/roaming/xpacks/@gnu-mcu-eclipse/arm-none-eabi-gcc/8.2.1-1.3.1/.content/bin/../lib/gcc/arm-none-eabi/8.2.1/../../../../arm-none-eabi/lib/thumb/v7-m/nofp\libg_nano.a(lib_a-nano-svfprintf.o)
 .rodata.__ssvfscanf_r.str1.1
                0x00000000080023c1        0x4 c:/users/александра/appdata/roaming/xpacks/@gnu-mcu-eclipse/arm-none-eabi-gcc/8.2.1-1.3.1/.content/bin/../lib/gcc/arm-none-eabi/8.2.1/../../../../arm-none-eabi/lib/thumb/v7-m/nofp\libg_nano.a(lib_a-nano-svfscanf.o)
 .rodata._printf_i.str1.1
                0x00000000080023c1       0x22 c:/users/александра/appdata/roaming/xpacks/@gnu-mcu-eclipse/arm-none-eabi-gcc/8.2.1-1.3.1/.content/bin/../lib/gcc/arm-none-eabi/8.2.1/../../../../arm-none-eabi/lib/thumb/v7-m/nofp\libg_nano.a(lib_a-nano-vfprintf_i.o)
 *fill*         0x00000000080023e3        0x1 
 .rodata        0x00000000080023e4        0xc c:/users/александра/appdata/roaming/xpacks/@gnu-mcu-eclipse/arm-none-eabi-gcc/8.2.1-1.3.1/.content/bin/../lib/gcc/arm-none-eabi/8.2.1/../../../../arm-none-eabi/lib/thumb/v7-m/nofp\libg_nano.a(lib_a-nano-vfscanf_i.o)
 .rodata._scanf_i.str1.1
                0x00000000080023f0       0x12 c:/users/александра/appdata/roaming/xpacks/@gnu-mcu-eclipse/arm-none-eabi-gcc/8.2.1-1.3.1/.content/bin/../lib/gcc/arm-none-eabi/8.2.1/../../../../arm-none-eabi/lib/thumb/v7-m/nofp\libg_nano.a(lib_a-nano-vfscanf_i.o)
 .rodata.str1.1
                0x0000000008002402        0x9 c:/users/александра/appdata/roaming/xpacks/@gnu-mcu-eclipse/arm-none-eabi-gcc/8.2.1-1.3.1/.content/bin/../lib/gcc/arm-none-eabi/8.2.1/../../../../arm-none-eabi/lib/thumb/v7-m/nofp\libg_nano.a(lib_a-nano-vfscanf_i.o)
 .rodata._ctype_
                0x000000000800240b      0x101 c:/users/александра/appdata/roaming/xpacks/@gnu-mcu-eclipse/arm-none-eabi-gcc/8.2.1-1.3.1/.content/bin/../lib/gcc/arm-none-eabi/8.2.1/../../../../arm-none-eabi/lib/thumb/v7-m/nofp\libg_nano.a(lib_a-ctype_.o)
                0x000000000800240b                _ctype_
 .rodata.__sf_fake_stderr
                0x000000000800250c       0x20 c:/users/александра/appdata/roaming/xpacks/@gnu-mcu-eclipse/arm-none-eabi-gcc/8.2.1-1.3.1/.content/bin/../lib/gcc/arm-none-eabi/8.2.1/../../../../arm-none-eabi/lib/thumb/v7-m/nofp\libg_nano.a(lib_a-findfp.o)
                0x000000000800250c                __sf_fake_stderr
 .rodata.__sf_fake_stdin
                0x000000000800252c       0x20 c:/users/александра/appdata/roaming/xpacks/@gnu-mcu-eclipse/arm-none-eabi-gcc/8.2.1-1.3.1/.content/bin/../lib/gcc/arm-none-eabi/8.2.1/../../../../arm-none-eabi/lib/thumb/v7-m/nofp\libg_nano.a(lib_a-findfp.o)
                0x000000000800252c                __sf_fake_stdin
 .rodata.__sf_fake_stdout
                0x000000000800254c       0x20 c:/users/александра/appdata/roaming/xpacks/@gnu-mcu-eclipse/arm-none-eabi-gcc/8.2.1-1.3.1/.content/bin/../lib/gcc/arm-none-eabi/8.2.1/../../../../arm-none-eabi/lib/thumb/v7-m/nofp\libg_nano.a(lib_a-findfp.o)
                0x000000000800254c                __sf_fake_stdout
 *(vtable)
 *(.eh_frame*)
 *(.glue_7)
 .glue_7        0x000000000800256c        0x0 linker stubs
 *(.glue_7t)
 .glue_7t       0x000000000800256c        0x0 linker stubs

.vfp11_veneer   0x000000000800256c        0x0
 .vfp11_veneer  0x000000000800256c        0x0 linker stubs

.v4_bx          0x000000000800256c        0x0
 .v4_bx         0x000000000800256c        0x0 linker stubs

.iplt           0x000000000800256c        0x0
 .iplt          0x000000000800256c        0x0 ./system/src/stm32f1-stdperiph/stm32f10x_gpio.o

.rel.dyn        0x000000000800256c        0x0
 .rel.iplt      0x000000000800256c        0x0 ./system/src/stm32f1-stdperiph/stm32f10x_gpio.o

.ARM.extab
 *(.ARM.extab* .gnu.linkonce.armextab.*)
                0x000000000800256c                . = ALIGN (0x4)
                0x000000000800256c                __exidx_start = .

.ARM.exidx
 *(.ARM.exidx* .gnu.linkonce.armexidx.*)
                0x000000000800256c                __exidx_end = .
                0x000000000800256c                . = ALIGN (0x4)
                0x000000000800256c                _etext = .
                0x000000000800256c                __etext = .

.data_CCMRAM    0x0000000000000000        0x0 load address 0x000000000800256c
 FILL mask 0xff
 *(.data.CCMRAM .data.CCMRAM.*)
                0x0000000000000000                . = ALIGN (0x4)
                0x000000000800256c                _sidata = LOADADDR (.data)

.data           0x0000000020000000       0x9c load address 0x000000000800256c
 FILL mask 0xff
                0x0000000020000000                _sdata = .
                0x0000000020000000                __data_start__ = .
 *(.data_begin .data_begin.*)
 .data_begin    0x0000000020000000        0x4 ./system/src/newlib/_startup.o
 *(.data .data.*)
 .data.ADCPrescTable
                0x0000000020000004        0x4 ./system/src/stm32f1-stdperiph/stm32f10x_rcc.o
 .data.APBAHBPrescTable
                0x0000000020000008       0x10 ./system/src/stm32f1-stdperiph/stm32f10x_rcc.o
 .data.argv.4374
                0x0000000020000018        0x8 ./system/src/newlib/_syscalls.o
 .data.AHBPrescTable
                0x0000000020000020       0x10 ./system/src/cmsis/system_stm32f10x.o
                0x0000000020000020                AHBPrescTable
 .data.SystemCoreClock
                0x0000000020000030        0x4 ./system/src/cmsis/system_stm32f10x.o
                0x0000000020000030                SystemCoreClock
 .data._impure_ptr
                0x0000000020000034        0x4 c:/users/александра/appdata/roaming/xpacks/@gnu-mcu-eclipse/arm-none-eabi-gcc/8.2.1-1.3.1/.content/bin/../lib/gcc/arm-none-eabi/8.2.1/../../../../arm-none-eabi/lib/thumb/v7-m/nofp\libg_nano.a(lib_a-impure.o)
                0x0000000020000034                _impure_ptr
 .data.impure_data
                0x0000000020000038       0x60 c:/users/александра/appdata/roaming/xpacks/@gnu-mcu-eclipse/arm-none-eabi-gcc/8.2.1-1.3.1/.content/bin/../lib/gcc/arm-none-eabi/8.2.1/../../../../arm-none-eabi/lib/thumb/v7-m/nofp\libg_nano.a(lib_a-impure.o)
 *(.data_end .data_end.*)
 .data_end      0x0000000020000098        0x4 ./system/src/newlib/_startup.o
                0x000000002000009c                . = ALIGN (0x4)
                0x000000002000009c                _edata = .
                0x000000002000009c                __data_end__ = .

.igot.plt       0x000000002000009c        0x0 load address 0x0000000008002608
 .igot.plt      0x000000002000009c        0x0 ./system/src/stm32f1-stdperiph/stm32f10x_gpio.o

.bss_CCMRAM     0x0000000000000000        0x0
 *(.bss.CCMRAM .bss.CCMRAM.*)

.bss            0x000000002000009c       0xa8
                0x000000002000009c                __bss_start__ = .
                0x000000002000009c                _sbss = .
 *(.bss_begin .bss_begin.*)
 .bss_begin     0x000000002000009c        0x4 ./system/src/newlib/_startup.o
 *(.bss .bss.*)
 .bss.current_heap_end.4004
                0x00000000200000a0        0x4 ./system/src/newlib/_sbrk.o
 .bss.name.4373
                0x00000000200000a4        0x1 ./system/src/newlib/_syscalls.o
 *fill*         0x00000000200000a5        0x3 
 .bss.buf.5248  0x00000000200000a8       0x80 ./system/src/diag/Trace.o
 .bss.__malloc_free_list
                0x0000000020000128        0x4 c:/users/александра/appdata/roaming/xpacks/@gnu-mcu-eclipse/arm-none-eabi-gcc/8.2.1-1.3.1/.content/bin/../lib/gcc/arm-none-eabi/8.2.1/../../../../arm-none-eabi/lib/thumb/v7-m/nofp\libg_nano.a(lib_a-nano-mallocr.o)
                0x0000000020000128                __malloc_free_list
 .bss.__malloc_sbrk_start
                0x000000002000012c        0x4 c:/users/александра/appdata/roaming/xpacks/@gnu-mcu-eclipse/arm-none-eabi-gcc/8.2.1-1.3.1/.content/bin/../lib/gcc/arm-none-eabi/8.2.1/../../../../arm-none-eabi/lib/thumb/v7-m/nofp\libg_nano.a(lib_a-nano-mallocr.o)
                0x000000002000012c                __malloc_sbrk_start
 *(COMMON)
 COMMON         0x0000000020000130        0x4 ./system/src/newlib/_syscalls.o
                0x0000000020000130                errno
 COMMON         0x0000000020000134        0x9 c:/users/александра/appdata/roaming/xpacks/@gnu-mcu-eclipse/arm-none-eabi-gcc/8.2.1-1.3.1/.content/bin/../lib/gcc/arm-none-eabi/8.2.1/../../../../arm-none-eabi/lib/thumb/v7-m/nofp\libg_nano.a(lib_a-lock.o)
                0x0000000020000134                __lock___atexit_recursive_mutex
                0x0000000020000135                __lock___arc4random_mutex
                0x0000000020000136                __lock___env_recursive_mutex
                0x0000000020000137                __lock___sinit_recursive_mutex
                0x0000000020000138                __lock___malloc_recursive_mutex
                0x0000000020000139                __lock___at_quick_exit_mutex
                0x000000002000013a                __lock___dd_hash_mutex
                0x000000002000013b                __lock___tz_mutex
                0x000000002000013c                __lock___sfp_recursive_mutex
 *(.bss_end .bss_end.*)
 *fill*         0x000000002000013d        0x3 
 .bss_end       0x0000000020000140        0x4 ./system/src/newlib/_startup.o
                0x0000000020000144                . = ALIGN (0x4)
                0x0000000020000144                __bss_end__ = .
                0x0000000020000144                _ebss = .

.noinit_CCMRAM
 *(.noinit.CCMRAM .noinit.CCMRAM.*)

.noinit         0x0000000020000144        0x0
                0x0000000020000144                _noinit = .
 *(.noinit .noinit.*)
                0x0000000020000144                . = ALIGN (0x4)
                0x0000000020000144                _end_noinit = .
                [!provide]                        PROVIDE (end = _end_noinit)
                [!provide]                        PROVIDE (_end = _end_noinit)
                [!provide]                        PROVIDE (__end = _end_noinit)
                [!provide]                        PROVIDE (__end__ = _end_noinit)

._check_stack   0x0000000020000144      0x100
                0x0000000020000244                . = (. + _Minimum_Stack_Size)
 *fill*         0x0000000020000144      0x100 

.b1text
 *(.b1text)
 *(.b1rodata)
 *(.b1rodata.*)

.eb0text
 *(.eb0text)
 *(.eb0rodata)
 *(.eb0rodata.*)

.eb1text
 *(.eb1text)
 *(.eb1rodata)
 *(.eb1rodata.*)

.eb2text
 *(.eb2text)
 *(.eb2rodata)
 *(.eb2rodata.*)

.eb3text
 *(.eb3text)
 *(.eb3rodata)
 *(.eb3rodata.*)

.stab
 *(.stab)

.stabstr
 *(.stabstr)

.stab.excl
 *(.stab.excl)

.stab.exclstr
 *(.stab.exclstr)

.stab.index
 *(.stab.index)

.stab.indexstr
 *(.stab.indexstr)

.comment        0x0000000000000000       0x68
 *(.comment)
 .comment       0x0000000000000000       0x68 ./system/src/stm32f1-stdperiph/stm32f10x_gpio.o
                                         0x69 (size before relaxing)
 .comment       0x0000000000000068       0x69 ./system/src/stm32f1-stdperiph/stm32f10x_rcc.o
 .comment       0x0000000000000068       0x69 ./system/src/stm32f1-stdperiph/stm32f10x_usart.o
 .comment       0x0000000000000068       0x69 ./system/src/newlib/_exit.o
 .comment       0x0000000000000068       0x69 ./system/src/newlib/_sbrk.o
 .comment       0x0000000000000068       0x69 ./system/src/newlib/_startup.o
 .comment       0x0000000000000068       0x69 ./system/src/newlib/_syscalls.o
 .comment       0x0000000000000068       0x69 ./system/src/newlib/assert.o
 .comment       0x0000000000000068       0x69 ./system/src/diag/Trace.o
 .comment       0x0000000000000068       0x69 ./system/src/diag/trace_impl.o
 .comment       0x0000000000000068       0x69 ./system/src/cortexm/_initialize_hardware.o
 .comment       0x0000000000000068       0x69 ./system/src/cortexm/exception_handlers.o
 .comment       0x0000000000000068       0x69 ./system/src/cmsis/system_stm32f10x.o
 .comment       0x0000000000000068       0x69 ./system/src/cmsis/vectors_stm32f10x.o
 .comment       0x0000000000000068       0x69 ./src/Led.o
 .comment       0x0000000000000068       0x69 ./src/main.o

.ARM.attributes
                0x0000000000000000       0x2b
 .ARM.attributes
                0x0000000000000000       0x2d ./system/src/stm32f1-stdperiph/stm32f10x_gpio.o
 .ARM.attributes
                0x000000000000002d       0x2d ./system/src/stm32f1-stdperiph/stm32f10x_rcc.o
 .ARM.attributes
                0x000000000000005a       0x2d ./system/src/stm32f1-stdperiph/stm32f10x_usart.o
 .ARM.attributes
                0x0000000000000087       0x2d ./system/src/newlib/_exit.o
 .ARM.attributes
                0x00000000000000b4       0x2d ./system/src/newlib/_sbrk.o
 .ARM.attributes
                0x00000000000000e1       0x2d ./system/src/newlib/_startup.o
 .ARM.attributes
                0x000000000000010e       0x2d ./system/src/newlib/_syscalls.o
 .ARM.attributes
                0x000000000000013b       0x2d ./system/src/newlib/assert.o
 .ARM.attributes
                0x0000000000000168       0x2d ./system/src/diag/Trace.o
 .ARM.attributes
                0x0000000000000195       0x2d ./system/src/diag/trace_impl.o
 .ARM.attributes
                0x00000000000001c2       0x2d ./system/src/cortexm/_initialize_hardware.o
 .ARM.attributes
                0x00000000000001ef       0x2d ./system/src/cortexm/exception_handlers.o
 .ARM.attributes
                0x000000000000021c       0x2d ./system/src/cmsis/system_stm32f10x.o
 .ARM.attributes
                0x0000000000000249       0x2d ./system/src/cmsis/vectors_stm32f10x.o
 .ARM.attributes
                0x0000000000000276       0x2d ./src/Led.o
 .ARM.attributes
                0x00000000000002a3       0x2d ./src/main.o
 .ARM.attributes
                0x00000000000002d0       0x2d c:/users/александра/appdata/roaming/xpacks/@gnu-mcu-eclipse/arm-none-eabi-gcc/8.2.1-1.3.1/.content/bin/../lib/gcc/arm-none-eabi/8.2.1/../../../../arm-none-eabi/lib/thumb/v7-m/nofp\libg_nano.a(lib_a-errno.o)
 .ARM.attributes
                0x00000000000002fd       0x2d c:/users/александра/appdata/roaming/xpacks/@gnu-mcu-eclipse/arm-none-eabi-gcc/8.2.1-1.3.1/.content/bin/../lib/gcc/arm-none-eabi/8.2.1/../../../../arm-none-eabi/lib/thumb/v7-m/nofp\libg_nano.a(lib_a-impure.o)
 .ARM.attributes
                0x000000000000032a       0x2d c:/users/александра/appdata/roaming/xpacks/@gnu-mcu-eclipse/arm-none-eabi-gcc/8.2.1-1.3.1/.content/bin/../lib/gcc/arm-none-eabi/8.2.1/../../../../arm-none-eabi/lib/thumb/v7-m/nofp\libg_nano.a(lib_a-sscanf.o)
 .ARM.attributes
                0x0000000000000357       0x2d c:/users/александра/appdata/roaming/xpacks/@gnu-mcu-eclipse/arm-none-eabi-gcc/8.2.1-1.3.1/.content/bin/../lib/gcc/arm-none-eabi/8.2.1/../../../../arm-none-eabi/lib/thumb/v7-m/nofp\libg_nano.a(lib_a-stdio.o)
 .ARM.attributes
                0x0000000000000384       0x17 c:/users/александра/appdata/roaming/xpacks/@gnu-mcu-eclipse/arm-none-eabi-gcc/8.2.1-1.3.1/.content/bin/../lib/gcc/arm-none-eabi/8.2.1/../../../../arm-none-eabi/lib/thumb/v7-m/nofp\libg_nano.a(lib_a-strlen.o)
 .ARM.attributes
                0x000000000000039b       0x2d c:/users/александра/appdata/roaming/xpacks/@gnu-mcu-eclipse/arm-none-eabi-gcc/8.2.1-1.3.1/.content/bin/../lib/gcc/arm-none-eabi/8.2.1/../../../../arm-none-eabi/lib/thumb/v7-m/nofp\libg_nano.a(lib_a-vsnprintf.o)
 .ARM.attributes
                0x00000000000003c8       0x2d c:/users/александра/appdata/roaming/xpacks/@gnu-mcu-eclipse/arm-none-eabi-gcc/8.2.1-1.3.1/.content/bin/../lib/gcc/arm-none-eabi/8.2.1/../../../../arm-none-eabi/lib/thumb/v7-m/nofp\libg_nano.a(lib_a-nano-svfprintf.o)
 .ARM.attributes
                0x00000000000003f5       0x2d c:/users/александра/appdata/roaming/xpacks/@gnu-mcu-eclipse/arm-none-eabi-gcc/8.2.1-1.3.1/.content/bin/../lib/gcc/arm-none-eabi/8.2.1/../../../../arm-none-eabi/lib/thumb/v7-m/nofp\libg_nano.a(lib_a-nano-svfscanf.o)
 .ARM.attributes
                0x0000000000000422       0x2d c:/users/александра/appdata/roaming/xpacks/@gnu-mcu-eclipse/arm-none-eabi-gcc/8.2.1-1.3.1/.content/bin/../lib/gcc/arm-none-eabi/8.2.1/../../../../arm-none-eabi/lib/thumb/v7-m/nofp\libg_nano.a(lib_a-nano-vfprintf_i.o)
 .ARM.attributes
                0x000000000000044f       0x2d c:/users/александра/appdata/roaming/xpacks/@gnu-mcu-eclipse/arm-none-eabi-gcc/8.2.1-1.3.1/.content/bin/../lib/gcc/arm-none-eabi/8.2.1/../../../../arm-none-eabi/lib/thumb/v7-m/nofp\libg_nano.a(lib_a-nano-vfscanf_i.o)
 .ARM.attributes
                0x000000000000047c       0x2d c:/users/александра/appdata/roaming/xpacks/@gnu-mcu-eclipse/arm-none-eabi-gcc/8.2.1-1.3.1/.content/bin/../lib/gcc/arm-none-eabi/8.2.1/../../../../arm-none-eabi/lib/thumb/v7-m/nofp\libg_nano.a(lib_a-sccl.o)
 .ARM.attributes
                0x00000000000004a9       0x2d c:/users/александра/appdata/roaming/xpacks/@gnu-mcu-eclipse/arm-none-eabi-gcc/8.2.1-1.3.1/.content/bin/../lib/gcc/arm-none-eabi/8.2.1/../../../../arm-none-eabi/lib/thumb/v7-m/nofp\libg_nano.a(lib_a-strtol.o)
 .ARM.attributes
                0x00000000000004d6       0x2d c:/users/александра/appdata/roaming/xpacks/@gnu-mcu-eclipse/arm-none-eabi-gcc/8.2.1-1.3.1/.content/bin/../lib/gcc/arm-none-eabi/8.2.1/../../../../arm-none-eabi/lib/thumb/v7-m/nofp\libg_nano.a(lib_a-strtoul.o)
 .ARM.attributes
                0x0000000000000503       0x2d c:/users/александра/appdata/roaming/xpacks/@gnu-mcu-eclipse/arm-none-eabi-gcc/8.2.1-1.3.1/.content/bin/../lib/gcc/arm-none-eabi/8.2.1/../../../../arm-none-eabi/lib/thumb/v7-m/nofp\libg_nano.a(lib_a-ungetc.o)
 .ARM.attributes
                0x0000000000000530       0x2d c:/users/александра/appdata/roaming/xpacks/@gnu-mcu-eclipse/arm-none-eabi-gcc/8.2.1-1.3.1/.content/bin/../lib/gcc/arm-none-eabi/8.2.1/../../../../arm-none-eabi/lib/thumb/v7-m/nofp\libg_nano.a(lib_a-ctype_.o)
 .ARM.attributes
                0x000000000000055d       0x2d c:/users/александра/appdata/roaming/xpacks/@gnu-mcu-eclipse/arm-none-eabi-gcc/8.2.1-1.3.1/.content/bin/../lib/gcc/arm-none-eabi/8.2.1/../../../../arm-none-eabi/lib/thumb/v7-m/nofp\libg_nano.a(lib_a-findfp.o)
 .ARM.attributes
                0x000000000000058a       0x2d c:/users/александра/appdata/roaming/xpacks/@gnu-mcu-eclipse/arm-none-eabi-gcc/8.2.1-1.3.1/.content/bin/../lib/gcc/arm-none-eabi/8.2.1/../../../../arm-none-eabi/lib/thumb/v7-m/nofp\libg_nano.a(lib_a-lock.o)
 .ARM.attributes
                0x00000000000005b7       0x2d c:/users/александра/appdata/roaming/xpacks/@gnu-mcu-eclipse/arm-none-eabi-gcc/8.2.1-1.3.1/.content/bin/../lib/gcc/arm-none-eabi/8.2.1/../../../../arm-none-eabi/lib/thumb/v7-m/nofp\libg_nano.a(lib_a-memchr-stub.o)
 .ARM.attributes
                0x00000000000005e4       0x2d c:/users/александра/appdata/roaming/xpacks/@gnu-mcu-eclipse/arm-none-eabi-gcc/8.2.1-1.3.1/.content/bin/../lib/gcc/arm-none-eabi/8.2.1/../../../../arm-none-eabi/lib/thumb/v7-m/nofp\libg_nano.a(lib_a-memcpy-stub.o)
 .ARM.attributes
                0x0000000000000611       0x2d c:/users/александра/appdata/roaming/xpacks/@gnu-mcu-eclipse/arm-none-eabi-gcc/8.2.1-1.3.1/.content/bin/../lib/gcc/arm-none-eabi/8.2.1/../../../../arm-none-eabi/lib/thumb/v7-m/nofp\libg_nano.a(lib_a-memmove.o)
 .ARM.attributes
                0x000000000000063e       0x2d c:/users/александра/appdata/roaming/xpacks/@gnu-mcu-eclipse/arm-none-eabi-gcc/8.2.1-1.3.1/.content/bin/../lib/gcc/arm-none-eabi/8.2.1/../../../../arm-none-eabi/lib/thumb/v7-m/nofp\libg_nano.a(lib_a-nano-freer.o)
 .ARM.attributes
                0x000000000000066b       0x2d c:/users/александра/appdata/roaming/xpacks/@gnu-mcu-eclipse/arm-none-eabi-gcc/8.2.1-1.3.1/.content/bin/../lib/gcc/arm-none-eabi/8.2.1/../../../../arm-none-eabi/lib/thumb/v7-m/nofp\libg_nano.a(lib_a-nano-mallocr.o)
 .ARM.attributes
                0x0000000000000698       0x2d c:/users/александра/appdata/roaming/xpacks/@gnu-mcu-eclipse/arm-none-eabi-gcc/8.2.1-1.3.1/.content/bin/../lib/gcc/arm-none-eabi/8.2.1/../../../../arm-none-eabi/lib/thumb/v7-m/nofp\libg_nano.a(lib_a-nano-reallocr.o)
 .ARM.attributes
                0x00000000000006c5       0x2d c:/users/александра/appdata/roaming/xpacks/@gnu-mcu-eclipse/arm-none-eabi-gcc/8.2.1-1.3.1/.content/bin/../lib/gcc/arm-none-eabi/8.2.1/../../../../arm-none-eabi/lib/thumb/v7-m/nofp\libg_nano.a(lib_a-sbrkr.o)
 .ARM.attributes
                0x00000000000006f2       0x2d c:/users/александра/appdata/roaming/xpacks/@gnu-mcu-eclipse/arm-none-eabi-gcc/8.2.1-1.3.1/.content/bin/../lib/gcc/arm-none-eabi/8.2.1/../../../../arm-none-eabi/lib/thumb/v7-m/nofp\libg_nano.a(lib_a-mlock.o)
 .ARM.attributes
                0x000000000000071f       0x2d c:/users/александра/appdata/roaming/xpacks/@gnu-mcu-eclipse/arm-none-eabi-gcc/8.2.1-1.3.1/.content/bin/../lib/gcc/arm-none-eabi/8.2.1/../../../../arm-none-eabi/lib/thumb/v7-m/nofp\libg_nano.a(lib_a-nano-msizer.o)

.debug
 *(.debug)

.line
 *(.line)

.debug_srcinfo
 *(.debug_srcinfo)

.debug_sfnames
 *(.debug_sfnames)

.debug_aranges  0x0000000000000000      0x570
 *(.debug_aranges)
 .debug_aranges
                0x0000000000000000       0xa8 ./system/src/stm32f1-stdperiph/stm32f10x_gpio.o
 .debug_aranges
                0x00000000000000a8      0x118 ./system/src/stm32f1-stdperiph/stm32f10x_rcc.o
 .debug_aranges
                0x00000000000001c0      0x100 ./system/src/stm32f1-stdperiph/stm32f10x_usart.o
 .debug_aranges
                0x00000000000002c0       0x28 ./system/src/newlib/_exit.o
 .debug_aranges
                0x00000000000002e8       0x20 ./system/src/newlib/_sbrk.o
 .debug_aranges
                0x0000000000000308       0x40 ./system/src/newlib/_startup.o
 .debug_aranges
                0x0000000000000348       0x30 ./system/src/newlib/_syscalls.o
 .debug_aranges
                0x0000000000000378       0x28 ./system/src/newlib/assert.o
 .debug_aranges
                0x00000000000003a0       0x38 ./system/src/diag/Trace.o
 .debug_aranges
                0x00000000000003d8       0x30 ./system/src/diag/trace_impl.o
 .debug_aranges
                0x0000000000000408       0x28 ./system/src/cortexm/_initialize_hardware.o
 .debug_aranges
                0x0000000000000430       0x90 ./system/src/cortexm/exception_handlers.o
 .debug_aranges
                0x00000000000004c0       0x38 ./system/src/cmsis/system_stm32f10x.o
 .debug_aranges
                0x00000000000004f8       0x20 ./system/src/cmsis/vectors_stm32f10x.o
 .debug_aranges
                0x0000000000000518       0x38 ./src/Led.o
 .debug_aranges
                0x0000000000000550       0x20 ./src/main.o

.debug_pubnames
 *(.debug_pubnames)

.debug_info     0x0000000000000000     0xa558
 *(.debug_info .gnu.linkonce.wi.*)
 .debug_info    0x0000000000000000      0xce4 ./system/src/stm32f1-stdperiph/stm32f10x_gpio.o
 .debug_info    0x0000000000000ce4      0xdbb ./system/src/stm32f1-stdperiph/stm32f10x_rcc.o
 .debug_info    0x0000000000001a9f     0x1439 ./system/src/stm32f1-stdperiph/stm32f10x_usart.o
 .debug_info    0x0000000000002ed8      0x9e7 ./system/src/newlib/_exit.o
 .debug_info    0x00000000000038bf      0x9d4 ./system/src/newlib/_sbrk.o
 .debug_info    0x0000000000004293      0x4ce ./system/src/newlib/_startup.o
 .debug_info    0x0000000000004761      0xab9 ./system/src/newlib/_syscalls.o
 .debug_info    0x000000000000521a      0xaaa ./system/src/newlib/assert.o
 .debug_info    0x0000000000005cc4      0xbdb ./system/src/diag/Trace.o
 .debug_info    0x000000000000689f      0x3be ./system/src/diag/trace_impl.o
 .debug_info    0x0000000000006c5d      0x2d6 ./system/src/cortexm/_initialize_hardware.o
 .debug_info    0x0000000000006f33     0x127b ./system/src/cortexm/exception_handlers.o
 .debug_info    0x00000000000081ae      0x4e0 ./system/src/cmsis/system_stm32f10x.o
 .debug_info    0x000000000000868e       0xce ./system/src/cmsis/vectors_stm32f10x.o
 .debug_info    0x000000000000875c      0x459 ./src/Led.o
 .debug_info    0x0000000000008bb5     0x19a3 ./src/main.o

.debug_abbrev   0x0000000000000000     0x23b5
 *(.debug_abbrev)
 .debug_abbrev  0x0000000000000000      0x24b ./system/src/stm32f1-stdperiph/stm32f10x_gpio.o
 .debug_abbrev  0x000000000000024b      0x240 ./system/src/stm32f1-stdperiph/stm32f10x_rcc.o
 .debug_abbrev  0x000000000000048b      0x218 ./system/src/stm32f1-stdperiph/stm32f10x_usart.o
 .debug_abbrev  0x00000000000006a3      0x222 ./system/src/newlib/_exit.o
 .debug_abbrev  0x00000000000008c5      0x232 ./system/src/newlib/_sbrk.o
 .debug_abbrev  0x0000000000000af7      0x1d7 ./system/src/newlib/_startup.o
 .debug_abbrev  0x0000000000000cce      0x26d ./system/src/newlib/_syscalls.o
 .debug_abbrev  0x0000000000000f3b      0x222 ./system/src/newlib/assert.o
 .debug_abbrev  0x000000000000115d      0x2c6 ./system/src/diag/Trace.o
 .debug_abbrev  0x0000000000001423      0x221 ./system/src/diag/trace_impl.o
 .debug_abbrev  0x0000000000001644       0xfc ./system/src/cortexm/_initialize_hardware.o
 .debug_abbrev  0x0000000000001740      0x372 ./system/src/cortexm/exception_handlers.o
 .debug_abbrev  0x0000000000001ab2      0x19d ./system/src/cmsis/system_stm32f10x.o
 .debug_abbrev  0x0000000000001c4f       0xa5 ./system/src/cmsis/vectors_stm32f10x.o
 .debug_abbrev  0x0000000000001cf4      0x26f ./src/Led.o
 .debug_abbrev  0x0000000000001f63      0x452 ./src/main.o

.debug_line     0x0000000000000000     0x7251
 *(.debug_line)
 .debug_line    0x0000000000000000      0xd16 ./system/src/stm32f1-stdperiph/stm32f10x_gpio.o
 .debug_line    0x0000000000000d16      0xdf4 ./system/src/stm32f1-stdperiph/stm32f10x_rcc.o
 .debug_line    0x0000000000001b0a     0x1122 ./system/src/stm32f1-stdperiph/stm32f10x_usart.o
 .debug_line    0x0000000000002c2c      0x416 ./system/src/newlib/_exit.o
 .debug_line    0x0000000000003042      0x407 ./system/src/newlib/_sbrk.o
 .debug_line    0x0000000000003449      0x628 ./system/src/newlib/_startup.o
 .debug_line    0x0000000000003a71      0x519 ./system/src/newlib/_syscalls.o
 .debug_line    0x0000000000003f8a      0x459 ./system/src/newlib/assert.o
 .debug_line    0x00000000000043e3      0x4f2 ./system/src/diag/Trace.o
 .debug_line    0x00000000000048d5      0x76a ./system/src/diag/trace_impl.o
 .debug_line    0x000000000000503f      0x3b2 ./system/src/cortexm/_initialize_hardware.o
 .debug_line    0x00000000000053f1      0x957 ./system/src/cortexm/exception_handlers.o
 .debug_line    0x0000000000005d48      0x5bd ./system/src/cmsis/system_stm32f10x.o
 .debug_line    0x0000000000006305      0x13d ./system/src/cmsis/vectors_stm32f10x.o
 .debug_line    0x0000000000006442      0x3fb ./src/Led.o
 .debug_line    0x000000000000683d      0xa14 ./src/main.o

.debug_frame    0x0000000000000000     0x1578
 *(.debug_frame)
 .debug_frame   0x0000000000000000      0x1e8 ./system/src/stm32f1-stdperiph/stm32f10x_gpio.o
 .debug_frame   0x00000000000001e8      0x320 ./system/src/stm32f1-stdperiph/stm32f10x_rcc.o
 .debug_frame   0x0000000000000508      0x320 ./system/src/stm32f1-stdperiph/stm32f10x_usart.o
 .debug_frame   0x0000000000000828       0x38 ./system/src/newlib/_exit.o
 .debug_frame   0x0000000000000860       0x28 ./system/src/newlib/_sbrk.o
 .debug_frame   0x0000000000000888       0x7c ./system/src/newlib/_startup.o
 .debug_frame   0x0000000000000904       0x50 ./system/src/newlib/_syscalls.o
 .debug_frame   0x0000000000000954       0x40 ./system/src/newlib/assert.o
 .debug_frame   0x0000000000000994       0x94 ./system/src/diag/Trace.o
 .debug_frame   0x0000000000000a28       0x64 ./system/src/diag/trace_impl.o
 .debug_frame   0x0000000000000a8c       0x40 ./system/src/cortexm/_initialize_hardware.o
 .debug_frame   0x0000000000000acc      0x158 ./system/src/cortexm/exception_handlers.o
 .debug_frame   0x0000000000000c24       0x6c ./system/src/cmsis/system_stm32f10x.o
 .debug_frame   0x0000000000000c90       0x20 ./system/src/cmsis/vectors_stm32f10x.o
 .debug_frame   0x0000000000000cb0       0x70 ./src/Led.o
 .debug_frame   0x0000000000000d20       0x34 ./src/main.o
 .debug_frame   0x0000000000000d54       0x20 c:/users/александра/appdata/roaming/xpacks/@gnu-mcu-eclipse/arm-none-eabi-gcc/8.2.1-1.3.1/.content/bin/../lib/gcc/arm-none-eabi/8.2.1/../../../../arm-none-eabi/lib/thumb/v7-m/nofp\libg_nano.a(lib_a-errno.o)
 .debug_frame   0x0000000000000d74       0x80 c:/users/александра/appdata/roaming/xpacks/@gnu-mcu-eclipse/arm-none-eabi-gcc/8.2.1-1.3.1/.content/bin/../lib/gcc/arm-none-eabi/8.2.1/../../../../arm-none-eabi/lib/thumb/v7-m/nofp\libg_nano.a(lib_a-sscanf.o)
 .debug_frame   0x0000000000000df4       0x88 c:/users/александра/appdata/roaming/xpacks/@gnu-mcu-eclipse/arm-none-eabi-gcc/8.2.1-1.3.1/.content/bin/../lib/gcc/arm-none-eabi/8.2.1/../../../../arm-none-eabi/lib/thumb/v7-m/nofp\libg_nano.a(lib_a-stdio.o)
 .debug_frame   0x0000000000000e7c       0x4c c:/users/александра/appdata/roaming/xpacks/@gnu-mcu-eclipse/arm-none-eabi-gcc/8.2.1-1.3.1/.content/bin/../lib/gcc/arm-none-eabi/8.2.1/../../../../arm-none-eabi/lib/thumb/v7-m/nofp\libg_nano.a(lib_a-vsnprintf.o)
 .debug_frame   0x0000000000000ec8       0x90 c:/users/александра/appdata/roaming/xpacks/@gnu-mcu-eclipse/arm-none-eabi-gcc/8.2.1-1.3.1/.content/bin/../lib/gcc/arm-none-eabi/8.2.1/../../../../arm-none-eabi/lib/thumb/v7-m/nofp\libg_nano.a(lib_a-nano-svfprintf.o)
 .debug_frame   0x0000000000000f58       0x78 c:/users/александра/appdata/roaming/xpacks/@gnu-mcu-eclipse/arm-none-eabi-gcc/8.2.1-1.3.1/.content/bin/../lib/gcc/arm-none-eabi/8.2.1/../../../../arm-none-eabi/lib/thumb/v7-m/nofp\libg_nano.a(lib_a-nano-svfscanf.o)
 .debug_frame   0x0000000000000fd0       0x60 c:/users/александра/appdata/roaming/xpacks/@gnu-mcu-eclipse/arm-none-eabi-gcc/8.2.1-1.3.1/.content/bin/../lib/gcc/arm-none-eabi/8.2.1/../../../../arm-none-eabi/lib/thumb/v7-m/nofp\libg_nano.a(lib_a-nano-vfprintf_i.o)
 .debug_frame   0x0000000000001030       0x64 c:/users/александра/appdata/roaming/xpacks/@gnu-mcu-eclipse/arm-none-eabi-gcc/8.2.1-1.3.1/.content/bin/../lib/gcc/arm-none-eabi/8.2.1/../../../../arm-none-eabi/lib/thumb/v7-m/nofp\libg_nano.a(lib_a-nano-vfscanf_i.o)
 .debug_frame   0x0000000000001094       0x2c c:/users/александра/appdata/roaming/xpacks/@gnu-mcu-eclipse/arm-none-eabi-gcc/8.2.1-1.3.1/.content/bin/../lib/gcc/arm-none-eabi/8.2.1/../../../../arm-none-eabi/lib/thumb/v7-m/nofp\libg_nano.a(lib_a-sccl.o)
 .debug_frame   0x00000000000010c0       0x64 c:/users/александра/appdata/roaming/xpacks/@gnu-mcu-eclipse/arm-none-eabi-gcc/8.2.1-1.3.1/.content/bin/../lib/gcc/arm-none-eabi/8.2.1/../../../../arm-none-eabi/lib/thumb/v7-m/nofp\libg_nano.a(lib_a-strtol.o)
 .debug_frame   0x0000000000001124       0x64 c:/users/александра/appdata/roaming/xpacks/@gnu-mcu-eclipse/arm-none-eabi-gcc/8.2.1-1.3.1/.content/bin/../lib/gcc/arm-none-eabi/8.2.1/../../../../arm-none-eabi/lib/thumb/v7-m/nofp\libg_nano.a(lib_a-strtoul.o)
 .debug_frame   0x0000000000001188       0x5c c:/users/александра/appdata/roaming/xpacks/@gnu-mcu-eclipse/arm-none-eabi-gcc/8.2.1-1.3.1/.content/bin/../lib/gcc/arm-none-eabi/8.2.1/../../../../arm-none-eabi/lib/thumb/v7-m/nofp\libg_nano.a(lib_a-ungetc.o)
 .debug_frame   0x00000000000011e4      0x14c c:/users/александра/appdata/roaming/xpacks/@gnu-mcu-eclipse/arm-none-eabi-gcc/8.2.1-1.3.1/.content/bin/../lib/gcc/arm-none-eabi/8.2.1/../../../../arm-none-eabi/lib/thumb/v7-m/nofp\libg_nano.a(lib_a-findfp.o)
 .debug_frame   0x0000000000001330       0xb0 c:/users/александра/appdata/roaming/xpacks/@gnu-mcu-eclipse/arm-none-eabi-gcc/8.2.1-1.3.1/.content/bin/../lib/gcc/arm-none-eabi/8.2.1/../../../../arm-none-eabi/lib/thumb/v7-m/nofp\libg_nano.a(lib_a-lock.o)
 .debug_frame   0x00000000000013e0       0x28 c:/users/александра/appdata/roaming/xpacks/@gnu-mcu-eclipse/arm-none-eabi-gcc/8.2.1-1.3.1/.content/bin/../lib/gcc/arm-none-eabi/8.2.1/../../../../arm-none-eabi/lib/thumb/v7-m/nofp\libg_nano.a(lib_a-memchr-stub.o)
 .debug_frame   0x0000000000001408       0x28 c:/users/александра/appdata/roaming/xpacks/@gnu-mcu-eclipse/arm-none-eabi-gcc/8.2.1-1.3.1/.content/bin/../lib/gcc/arm-none-eabi/8.2.1/../../../../arm-none-eabi/lib/thumb/v7-m/nofp\libg_nano.a(lib_a-memcpy-stub.o)
 .debug_frame   0x0000000000001430       0x28 c:/users/александра/appdata/roaming/xpacks/@gnu-mcu-eclipse/arm-none-eabi-gcc/8.2.1-1.3.1/.content/bin/../lib/gcc/arm-none-eabi/8.2.1/../../../../arm-none-eabi/lib/thumb/v7-m/nofp\libg_nano.a(lib_a-memmove.o)
 .debug_frame   0x0000000000001458       0x38 c:/users/александра/appdata/roaming/xpacks/@gnu-mcu-eclipse/arm-none-eabi-gcc/8.2.1-1.3.1/.content/bin/../lib/gcc/arm-none-eabi/8.2.1/../../../../arm-none-eabi/lib/thumb/v7-m/nofp\libg_nano.a(lib_a-nano-freer.o)
 .debug_frame   0x0000000000001490       0x30 c:/users/александра/appdata/roaming/xpacks/@gnu-mcu-eclipse/arm-none-eabi-gcc/8.2.1-1.3.1/.content/bin/../lib/gcc/arm-none-eabi/8.2.1/../../../../arm-none-eabi/lib/thumb/v7-m/nofp\libg_nano.a(lib_a-nano-mallocr.o)
 .debug_frame   0x00000000000014c0       0x3c c:/users/александра/appdata/roaming/xpacks/@gnu-mcu-eclipse/arm-none-eabi-gcc/8.2.1-1.3.1/.content/bin/../lib/gcc/arm-none-eabi/8.2.1/../../../../arm-none-eabi/lib/thumb/v7-m/nofp\libg_nano.a(lib_a-nano-reallocr.o)
 .debug_frame   0x00000000000014fc       0x2c c:/users/александра/appdata/roaming/xpacks/@gnu-mcu-eclipse/arm-none-eabi-gcc/8.2.1-1.3.1/.content/bin/../lib/gcc/arm-none-eabi/8.2.1/../../../../arm-none-eabi/lib/thumb/v7-m/nofp\libg_nano.a(lib_a-sbrkr.o)
 .debug_frame   0x0000000000001528       0x30 c:/users/александра/appdata/roaming/xpacks/@gnu-mcu-eclipse/arm-none-eabi-gcc/8.2.1-1.3.1/.content/bin/../lib/gcc/arm-none-eabi/8.2.1/../../../../arm-none-eabi/lib/thumb/v7-m/nofp\libg_nano.a(lib_a-mlock.o)
 .debug_frame   0x0000000000001558       0x20 c:/users/александра/appdata/roaming/xpacks/@gnu-mcu-eclipse/arm-none-eabi-gcc/8.2.1-1.3.1/.content/bin/../lib/gcc/arm-none-eabi/8.2.1/../../../../arm-none-eabi/lib/thumb/v7-m/nofp\libg_nano.a(lib_a-nano-msizer.o)

.debug_str      0x0000000000000000    0x5935e
 *(.debug_str)
 .debug_str     0x0000000000000000    0x4ec29 ./system/src/stm32f1-stdperiph/stm32f10x_gpio.o
                                      0x4ee09 (size before relaxing)
 .debug_str     0x000000000004ec29      0xb4a ./system/src/stm32f1-stdperiph/stm32f10x_rcc.o
                                      0x4f3d8 (size before relaxing)
 .debug_str     0x000000000004f773      0x814 ./system/src/stm32f1-stdperiph/stm32f10x_usart.o
                                      0x4f142 (size before relaxing)
 .debug_str     0x000000000004ff87     0x4ef3 ./system/src/newlib/_exit.o
                                       0x7eb1 (size before relaxing)
 .debug_str     0x0000000000054e7a      0x4ed ./system/src/newlib/_sbrk.o
                                       0x7263 (size before relaxing)
 .debug_str     0x0000000000055367      0x260 ./system/src/newlib/_startup.o
                                       0x699e (size before relaxing)
 .debug_str     0x00000000000555c7      0xdef ./system/src/newlib/_syscalls.o
                                       0x80af (size before relaxing)
 .debug_str     0x00000000000563b6       0xd0 ./system/src/newlib/assert.o
                                       0x89b6 (size before relaxing)
 .debug_str     0x0000000000056486      0x819 ./system/src/diag/Trace.o
                                       0x8629 (size before relaxing)
 .debug_str     0x0000000000056c9f      0x37b ./system/src/diag/trace_impl.o
                                      0x52a0f (size before relaxing)
 .debug_str     0x000000000005701a       0xb2 ./system/src/cortexm/_initialize_hardware.o
                                      0x4e8f3 (size before relaxing)
 .debug_str     0x00000000000570cc      0x19d ./system/src/cortexm/exception_handlers.o
                                      0x53c34 (size before relaxing)
 .debug_str     0x0000000000057269       0x96 ./system/src/cmsis/system_stm32f10x.o
                                      0x4e98d (size before relaxing)
 .debug_str     0x00000000000572ff       0x57 ./system/src/cmsis/vectors_stm32f10x.o
                                       0x3932 (size before relaxing)
 .debug_str     0x0000000000057356      0x5e9 ./src/Led.o
                                      0x4ed42 (size before relaxing)
 .debug_str     0x000000000005793f     0x1a1f ./src/main.o
                                      0x55dbf (size before relaxing)

.debug_loc      0x0000000000000000     0x32c6
 *(.debug_loc)
 .debug_loc     0x0000000000000000      0x9f6 ./system/src/stm32f1-stdperiph/stm32f10x_gpio.o
 .debug_loc     0x00000000000009f6      0xd2e ./system/src/stm32f1-stdperiph/stm32f10x_rcc.o
 .debug_loc     0x0000000000001724      0xdc3 ./system/src/stm32f1-stdperiph/stm32f10x_usart.o
 .debug_loc     0x00000000000024e7       0x15 ./system/src/newlib/_exit.o
 .debug_loc     0x00000000000024fc       0x97 ./system/src/newlib/_sbrk.o
 .debug_loc     0x0000000000002593      0x2a6 ./system/src/newlib/_startup.o
 .debug_loc     0x0000000000002839       0x6f ./system/src/newlib/_syscalls.o
 .debug_loc     0x00000000000028a8      0x160 ./system/src/newlib/assert.o
 .debug_loc     0x0000000000002a08      0x118 ./system/src/diag/Trace.o
 .debug_loc     0x0000000000002b20      0x1a1 ./system/src/diag/trace_impl.o
 .debug_loc     0x0000000000002cc1      0x35c ./system/src/cortexm/exception_handlers.o
 .debug_loc     0x000000000000301d       0xff ./system/src/cmsis/system_stm32f10x.o
 .debug_loc     0x000000000000311c       0xc3 ./src/Led.o
 .debug_loc     0x00000000000031df       0xe7 ./src/main.o

.debug_macinfo
 *(.debug_macinfo)

.debug_weaknames
 *(.debug_weaknames)

.debug_funcnames
 *(.debug_funcnames)

.debug_typenames
 *(.debug_typenames)

.debug_varnames
 *(.debug_varnames)
OUTPUT(ledpercent.elf elf32-littlearm)

.debug_ranges   0x0000000000000000      0x4d0
 .debug_ranges  0x0000000000000000       0x98 ./system/src/stm32f1-stdperiph/stm32f10x_gpio.o
 .debug_ranges  0x0000000000000098      0x108 ./system/src/stm32f1-stdperiph/stm32f10x_rcc.o
 .debug_ranges  0x00000000000001a0       0xf0 ./system/src/stm32f1-stdperiph/stm32f10x_usart.o
 .debug_ranges  0x0000000000000290       0x18 ./system/src/newlib/_exit.o
 .debug_ranges  0x00000000000002a8       0x10 ./system/src/newlib/_sbrk.o
 .debug_ranges  0x00000000000002b8       0x48 ./system/src/newlib/_startup.o
 .debug_ranges  0x0000000000000300       0x20 ./system/src/newlib/_syscalls.o
 .debug_ranges  0x0000000000000320       0x18 ./system/src/newlib/assert.o
 .debug_ranges  0x0000000000000338       0x28 ./system/src/diag/Trace.o
 .debug_ranges  0x0000000000000360       0x38 ./system/src/diag/trace_impl.o
 .debug_ranges  0x0000000000000398       0x18 ./system/src/cortexm/_initialize_hardware.o
 .debug_ranges  0x00000000000003b0       0x98 ./system/src/cortexm/exception_handlers.o
 .debug_ranges  0x0000000000000448       0x28 ./system/src/cmsis/system_stm32f10x.o
 .debug_ranges  0x0000000000000470       0x10 ./system/src/cmsis/vectors_stm32f10x.o
 .debug_ranges  0x0000000000000480       0x28 ./src/Led.o
 .debug_ranges  0x00000000000004a8       0x28 ./src/main.o

.debug_macro    0x0000000000000000     0x4996
 .debug_macro   0x0000000000000000      0x1b9 ./system/src/stm32f1-stdperiph/stm32f10x_gpio.o
 .debug_macro   0x00000000000001b9      0x2a6 ./system/src/stm32f1-stdperiph/stm32f10x_gpio.o
 .debug_macro   0x000000000000045f      0x287 ./system/src/stm32f1-stdperiph/stm32f10x_rcc.o
 .debug_macro   0x00000000000006e6      0x3dc ./system/src/stm32f1-stdperiph/stm32f10x_rcc.o
 .debug_macro   0x0000000000000ac2      0x21f ./system/src/stm32f1-stdperiph/stm32f10x_usart.o
 .debug_macro   0x0000000000000ce1      0x21c ./system/src/stm32f1-stdperiph/stm32f10x_usart.o
 .debug_macro   0x0000000000000efd      0x1b4 ./system/src/newlib/_exit.o
 .debug_macro   0x00000000000010b1       0x34 ./system/src/newlib/_exit.o
 .debug_macro   0x00000000000010e5      0x10e ./system/src/newlib/_exit.o
 .debug_macro   0x00000000000011f3       0x8d ./system/src/newlib/_exit.o
 .debug_macro   0x0000000000001280       0x43 ./system/src/newlib/_exit.o
 .debug_macro   0x00000000000012c3      0x339 ./system/src/newlib/_exit.o
 .debug_macro   0x00000000000015fc       0x35 ./system/src/newlib/_exit.o
 .debug_macro   0x0000000000001631      0x169 ./system/src/newlib/_sbrk.o
 .debug_macro   0x000000000000179a      0x174 ./system/src/newlib/_sbrk.o
 .debug_macro   0x000000000000190e       0x10 ./system/src/newlib/_sbrk.o
 .debug_macro   0x000000000000191e      0x23b ./system/src/newlib/_sbrk.o
 .debug_macro   0x0000000000001b59      0x173 ./system/src/newlib/_startup.o
 .debug_macro   0x0000000000001ccc      0x1f3 ./system/src/newlib/_syscalls.o
 .debug_macro   0x0000000000001ebf       0x1c ./system/src/newlib/_syscalls.o
 .debug_macro   0x0000000000001edb       0x10 ./system/src/newlib/_syscalls.o
 .debug_macro   0x0000000000001eeb       0x10 ./system/src/newlib/_syscalls.o
 .debug_macro   0x0000000000001efb       0x10 ./system/src/newlib/_syscalls.o
 .debug_macro   0x0000000000001f0b       0x35 ./system/src/newlib/_syscalls.o
 .debug_macro   0x0000000000001f40      0x122 ./system/src/newlib/_syscalls.o
 .debug_macro   0x0000000000002062       0x88 ./system/src/newlib/_syscalls.o
 .debug_macro   0x00000000000020ea      0x10c ./system/src/newlib/_syscalls.o
 .debug_macro   0x00000000000021f6      0x189 ./system/src/newlib/_syscalls.o
 .debug_macro   0x000000000000237f       0x16 ./system/src/newlib/_syscalls.o
 .debug_macro   0x0000000000002395      0x1d0 ./system/src/newlib/assert.o
 .debug_macro   0x0000000000002565       0x1c ./system/src/newlib/assert.o
 .debug_macro   0x0000000000002581      0x1fb ./system/src/diag/Trace.o
 .debug_macro   0x000000000000277c       0x16 ./system/src/diag/Trace.o
 .debug_macro   0x0000000000002792       0x97 ./system/src/diag/Trace.o
 .debug_macro   0x0000000000002829       0xfd ./system/src/diag/Trace.o
 .debug_macro   0x0000000000002926       0x10 ./system/src/diag/Trace.o
 .debug_macro   0x0000000000002936       0x16 ./system/src/diag/Trace.o
 .debug_macro   0x000000000000294c      0x16f ./system/src/diag/Trace.o
 .debug_macro   0x0000000000002abb       0x4c ./system/src/diag/Trace.o
 .debug_macro   0x0000000000002b07       0x16 ./system/src/diag/Trace.o
 .debug_macro   0x0000000000002b1d      0x2da ./system/src/diag/trace_impl.o
 .debug_macro   0x0000000000002df7       0x10 ./system/src/diag/trace_impl.o
 .debug_macro   0x0000000000002e07       0xcf ./system/src/diag/trace_impl.o
 .debug_macro   0x0000000000002ed6       0xbe ./system/src/diag/trace_impl.o
 .debug_macro   0x0000000000002f94       0x22 ./system/src/diag/trace_impl.o
 .debug_macro   0x0000000000002fb6      0x16b ./system/src/cortexm/_initialize_hardware.o
 .debug_macro   0x0000000000003121      0x324 ./system/src/cortexm/exception_handlers.o
 .debug_macro   0x0000000000003445       0x3b ./system/src/cortexm/exception_handlers.o
 .debug_macro   0x0000000000003480       0x10 ./system/src/cortexm/exception_handlers.o
 .debug_macro   0x0000000000003490      0x16e ./system/src/cmsis/system_stm32f10x.o
 .debug_macro   0x00000000000035fe       0x34 ./system/src/cmsis/vectors_stm32f10x.o
 .debug_macro   0x0000000000003632      0x16b ./src/Led.o
 .debug_macro   0x000000000000379d      0xb8e ./src/Led.o
 .debug_macro   0x000000000000432b      0x399 ./src/main.o
 .debug_macro   0x00000000000046c4       0x97 ./src/main.o
 .debug_macro   0x000000000000475b      0x104 ./src/main.o
 .debug_macro   0x000000000000485f      0x137 ./src/main.o
